Error: Build failed
Step: npm install failed
Exit code: 1

npm ERR! code ELIFECYCLE
npm ERR! errno 1
npm ERR! pipelineiq@1.0.0 build: `npm run build:core && npm run build:cli`
npm ERR! Exit status 1
npm ERR! 
npm ERR! Failed at the pipelineiq@1.0.0 build script.
npm ERR! This is probably not a problem with npm. There is likely additional logging output above.

npm ERR! A complete log of this run can be found in:
npm ERR!     C:\Users\test\AppData\Roaming\npm-cache\_logs\2025-05-13T12_34_56_789Z-debug.log
